// Jest Snapshot v1, https://goo.gl/fbAQLP

exports[`displays greeting when clicking Load Greeting 1`] = `
<div>
  <label
    for="name-input"
  >
    Name
  </label>
  <input
    id="name-input"
  />
  <button>
    Load Greeting
  </button>
  <div
    data-testid="greeting-text"
  >
    Hello there
  </div>
</div>
`;
